
 ⛅️ wrangler 4.84.1
───────────────────
[custom build] Running: npx esbuild src/index.ts --bundle --format=esm --outfile=dist/index.js --platform=neutral --target=es2022
[custom build] 
[custom build]   dist\index.js  64.4kb
[custom build] 
[custom build] Done in 6ms
[custom build] 
Total Upload: 88.63 KiB / gzip: 21.53 KiB
Worker Startup Time: 16 ms
Your Worker has access to the following bindings:
Binding                             Resource                  
env.DB (monolith-db)                D1 Database               
env.ENVIRONMENT ("production")      Environment Variable      

Uploaded monolith-api (2.63 sec)
[33m▲ [43;33m[[43;30mWARNING[43;33m][0m [1mYou need to register a workers.dev subdomain before publishing to workers.dev[0m


? Would you like to register a workers.dev subdomain now?
🤖 Using fallback value in non-interactive context: no

[31mX [41;31m[[41;97mERROR[41;31m][0m [1mYou can either deploy your worker to one or more routes by specifying them in your wrangler.json file, or register a workers.dev subdomain here:[0m

  [4mhttps://dash.cloudflare.com/1300eca48235b92058cbad9324444533/workers/onboarding[0m


🪵  Logs were written to "C:\Users\24jz\AppData\Roaming\xdg.config\.wrangler\logs\wrangler-2026-04-24_03-38-45_337.log"
